Archive member included to satisfy reference by file (symbol)

.pio/build/Attiny3217_pymcuprog_updi/libf30/libWire.a(Wire.cpp.o)
                              .pio/build/Attiny3217_pymcuprog_updi/src/Display.cpp.o (symbol from plugin) (_ZN7TwoWire5writeEh)
.pio/build/Attiny3217_pymcuprog_updi/libf30/libWire.a(twi.c.o)
                              Wire.cpp.o (symbol from plugin) (TWI_SlaveInit)
.pio/build/Attiny3217_pymcuprog_updi/libf30/libWire.a(twi_pins.c.o)
                              twi.c.o (symbol from plugin) (TWI0_ClearPins)
.pio/build/Attiny3217_pymcuprog_updi/libFrameworkArduino.a(UART.cpp.o)
                              .pio/build/Attiny3217_pymcuprog_updi/src/spriteLoader.cpp.o (symbol from plugin) (_ZN14HardwareSerial9availableEv)
.pio/build/Attiny3217_pymcuprog_updi/libFrameworkArduino.a(UART0.cpp.o)
                              .pio/build/Attiny3217_pymcuprog_updi/src/Sprite.cpp.o (symbol from plugin) (Serial0)
.pio/build/Attiny3217_pymcuprog_updi/libFrameworkArduino.a(Print.cpp.o)
                              UART.cpp.o (symbol from plugin) (_ZN5Print5writeEPKhj)
.pio/build/Attiny3217_pymcuprog_updi/libFrameworkArduino.a(Stream.cpp.o)
                              .pio/build/Attiny3217_pymcuprog_updi/src/spriteLoader.cpp.o (symbol from plugin) (_ZN6Stream9readBytesEPcj)
.pio/build/Attiny3217_pymcuprog_updi/libFrameworkArduino.a(String.cpp.o)
                              Stream.cpp.o (symbol from plugin) (_ZN6StringC1EPKc)
.pio/build/Attiny3217_pymcuprog_updi/libFrameworkArduino.a(main.cpp.o)
                              /Users/alex/.platformio/packages/toolchain-atmelavr/bin/../lib/gcc/avr/7.3.0/../../../../avr/lib/avrxmega3/crtattiny3217.o (main)
.pio/build/Attiny3217_pymcuprog_updi/libFrameworkArduino.a(new.cpp.o)
                              .pio/build/Attiny3217_pymcuprog_updi/src/FrameBuffer.cpp.o (symbol from plugin) (_Znaj)
.pio/build/Attiny3217_pymcuprog_updi/libFrameworkArduino.a(wiring.c.o)
                              .pio/build/Attiny3217_pymcuprog_updi/src/Sprite.cpp.o (symbol from plugin) (millis)
.pio/build/Attiny3217_pymcuprog_updi/libFrameworkArduino.a(wiring_analog.c.o)
                              .pio/build/Attiny3217_pymcuprog_updi/src/utils.cpp.o (symbol from plugin) (analogReference)
.pio/build/Attiny3217_pymcuprog_updi/libFrameworkArduino.a(wiring_digital.c.o)
                              .pio/build/Attiny3217_pymcuprog_updi/src/main.cpp.o (symbol from plugin) (pinMode)
.pio/build/Attiny3217_pymcuprog_updi/libFrameworkArduino.a(abi.cpp.o)
                              Print.cpp.o (symbol from plugin) (__cxa_pure_virtual)
/Users/alex/.platformio/packages/toolchain-atmelavr/bin/../lib/gcc/avr/7.3.0/avrxmega3/libgcc.a(_exit.o)
                              /Users/alex/.platformio/packages/toolchain-atmelavr/bin/../lib/gcc/avr/7.3.0/../../../../avr/lib/avrxmega3/crtattiny3217.o (exit)
/Users/alex/.platformio/packages/toolchain-atmelavr/bin/../lib/gcc/avr/7.3.0/../../../../avr/lib/avrxmega3/libc.a(dtostrf.o)
                              String.cpp.o (symbol from plugin) (dtostrf)
/Users/alex/.platformio/packages/toolchain-atmelavr/bin/../lib/gcc/avr/7.3.0/../../../../avr/lib/avrxmega3/libc.a(atof.o)
                              String.cpp.o (symbol from plugin) (atof)
/Users/alex/.platformio/packages/toolchain-atmelavr/bin/../lib/gcc/avr/7.3.0/../../../../avr/lib/avrxmega3/libc.a(atol.o)
                              String.cpp.o (symbol from plugin) (atol)
/Users/alex/.platformio/packages/toolchain-atmelavr/bin/../lib/gcc/avr/7.3.0/../../../../avr/lib/avrxmega3/libc.a(strcpy_P.o)
                              String.cpp.o (symbol from plugin) (strcpy_P)
/Users/alex/.platformio/packages/toolchain-atmelavr/bin/../lib/gcc/avr/7.3.0/../../../../avr/lib/avrxmega3/libc.a(strlen_P.o)
                              String.cpp.o (symbol from plugin) (__strlen_P)
/Users/alex/.platformio/packages/toolchain-atmelavr/bin/../lib/gcc/avr/7.3.0/../../../../avr/lib/avrxmega3/libc.a(itoa.o)
                              String.cpp.o (symbol from plugin) (__itoa)
/Users/alex/.platformio/packages/toolchain-atmelavr/bin/../lib/gcc/avr/7.3.0/../../../../avr/lib/avrxmega3/libc.a(itoa_ncheck.o)
                              /Users/alex/.platformio/packages/toolchain-atmelavr/bin/../lib/gcc/avr/7.3.0/../../../../avr/lib/avrxmega3/libc.a(itoa.o) (__itoa_ncheck)
/Users/alex/.platformio/packages/toolchain-atmelavr/bin/../lib/gcc/avr/7.3.0/../../../../avr/lib/avrxmega3/libc.a(ltoa.o)
                              String.cpp.o (symbol from plugin) (__ltoa)
/Users/alex/.platformio/packages/toolchain-atmelavr/bin/../lib/gcc/avr/7.3.0/../../../../avr/lib/avrxmega3/libc.a(ltoa_ncheck.o)
                              /Users/alex/.platformio/packages/toolchain-atmelavr/bin/../lib/gcc/avr/7.3.0/../../../../avr/lib/avrxmega3/libc.a(ltoa.o) (__ltoa_ncheck)
/Users/alex/.platformio/packages/toolchain-atmelavr/bin/../lib/gcc/avr/7.3.0/../../../../avr/lib/avrxmega3/libc.a(mulsi10.o)
[...]
Memory Configuration

Name             Origin             Length             Attributes
text             0x0000000000000000 0x0000000000008000 xr
data             0x0000000000803800 0x0000000000000800 rw !x
eeprom           0x0000000000810000 0x0000000000000100 rw !x
fuse             0x0000000000820000 0x000000000000000a rw !x
lock             0x0000000000830000 0x0000000000000400 rw !x
signature        0x0000000000840000 0x0000000000000400 rw !x
user_signatures  0x0000000000850000 0x0000000000000400 rw !x
*default*        0x0000000000000000 0xffffffffffffffff

Linker script and memory map

Address of section .data set to 0x803800
LOAD /Users/alex/.platformio/packages/toolchain-atmelavr/bin/../lib/gcc/avr/7.3.0/../../../../avr/lib/avrxmega3/crtattiny3217.o
Address of section .text set to 0x0
LOAD .pio/build/Attiny3217_pymcuprog_updi/src/Display.cpp.o
LOAD /var/folders/1l/rytzh70141xgg88yzt_pm9940000gn/T//ccyfjUKe.ltrans0.ltrans.o
LOAD .pio/build/Attiny3217_pymcuprog_updi/src/FrameBuffer.cpp.o
LOAD .pio/build/Attiny3217_pymcuprog_updi/src/Sprite.cpp.o
LOAD .pio/build/Attiny3217_pymcuprog_updi/src/Tamo.cpp.o
LOAD .pio/build/Attiny3217_pymcuprog_updi/src/main.cpp.o
LOAD .pio/build/Attiny3217_pymcuprog_updi/src/spriteLoader.cpp.o
LOAD .pio/build/Attiny3217_pymcuprog_updi/src/utils.cpp.o
START GROUP
LOAD .pio/build/Attiny3217_pymcuprog_updi/libf30/libWire.a
LOAD .pio/build/Attiny3217_pymcuprog_updi/libFrameworkArduino.a
END GROUP
LOAD /Users/alex/.platformio/packages/toolchain-atmelavr/bin/../lib/gcc/avr/7.3.0/avrxmega3/libgcc.a
LOAD /Users/alex/.platformio/packages/toolchain-atmelavr/bin/../lib/gcc/avr/7.3.0/../../../../avr/lib/avrxmega3/libm.a
START GROUP
LOAD /Users/alex/.platformio/packages/toolchain-atmelavr/bin/../lib/gcc/avr/7.3.0/avrxmega3/libgcc.a
LOAD /Users/alex/.platformio/packages/toolchain-atmelavr/bin/../lib/gcc/avr/7.3.0/../../../../avr/lib/avrxmega3/libm.a
LOAD /Users/alex/.platformio/packages/toolchain-atmelavr/bin/../lib/gcc/avr/7.3.0/../../../../avr/lib/avrxmega3/libc.a
LOAD /Users/alex/.platformio/packages/toolchain-atmelavr/bin/../lib/gcc/avr/7.3.0/../../../../avr/lib/avrxmega3/libattiny3217.a
END GROUP
                [0x0000000000008000]                __TEXT_REGION_LENGTH__ = DEFINED (__TEXT_REGION_LENGTH__)?__TEXT_REGION_LENGTH__:0x100000
                [0x0000000000000800]                __DATA_REGION_LENGTH__ = DEFINED (__DATA_REGION_LENGTH__)?__DATA_REGION_LENGTH__:0xffa0
                [0x0000000000000100]                __EEPROM_REGION_LENGTH__ = DEFINED (__EEPROM_REGION_LENGTH__)?__EEPROM_REGION_LENGTH__:0x10000
                [0x000000000000000a]                __FUSE_REGION_LENGTH__ = DEFINED (__FUSE_REGION_LENGTH__)?__FUSE_REGION_LENGTH__:0x400
                0x0000000000000400                __LOCK_REGION_LENGTH__ = DEFINED (__LOCK_REGION_LENGTH__)?__LOCK_REGION_LENGTH__:0x400
                0x0000000000000400                __SIGNATURE_REGION_LENGTH__ = DEFINED (__SIGNATURE_REGION_LENGTH__)?__SIGNATURE_REGION_LENGTH__:0x400
                0x0000000000000400                __USER_SIGNATURE_REGION_LENGTH__ = DEFINED (__USER_SIGNATURE_REGION_LENGTH__)?__USER_SIGNATURE_REGION_LENGTH__:0x400
                0x0000000000008000                __RODATA_PM_OFFSET__ = DEFINED (__RODATA_PM_OFFSET__)?__RODATA_PM_OFFSET__:0x8000
                [0x0000000000803800]                __DATA_REGION_ORIGIN__ = DEFINED (__DATA_REGION_ORIGIN__)?__DATA_REGION_ORIGIN__:0x802000

.hash
 *(.hash)

.dynsym
 *(.dynsym)

.dynstr
 *(.dynstr)

.gnu.version
 *(.gnu.version)

.gnu.version_d
 *(.gnu.version_d)

.gnu.version_r
 *(.gnu.version_r)

.rel.init
 *(.rel.init)

.rela.init
 *(.rela.init)

.rel.text
 *(.rel.text)
 *(.rel.text.*)
 *(.rel.gnu.linkonce.t*)

.rela.text
 *(.rela.text)
 *(.rela.text.*)
 *(.rela.gnu.linkonce.t*)

.rel.fini
 *(.rel.fini)

.rela.fini
 *(.rela.fini)

.rel.rodata
 *(.rel.rodata)
 *(.rel.rodata.*)
 *(.rel.gnu.linkonce.r*)

.rela.rodata
 *(.rela.rodata)
 *(.rela.rodata.*)
 *(.rela.gnu.linkonce.r*)

.rel.data
 *(.rel.data)
 *(.rel.data.*)
 *(.rel.gnu.linkonce.d*)

.rela.data
 *(.rela.data)
 *(.rela.data.*)
 *(.rela.gnu.linkonce.d*)

.rel.ctors
 *(.rel.ctors)

.rela.ctors
 *(.rela.ctors)

.rel.dtors
 *(.rel.dtors)

.rela.dtors
 *(.rela.dtors)

.rel.got
 *(.rel.got)

.rela.got
 *(.rela.got)

.rel.bss
 *(.rel.bss)

.rela.bss
 *(.rela.bss)

.rel.plt
 *(.rel.plt)

.rela.plt
 *(.rela.plt)

.text           0x0000000000000000     0x2cf6
 *(.vectors)
 .vectors       0x0000000000000000       0x7c /Users/alex/.platformio/packages/toolchain-atmelavr/bin/../lib/gcc/avr/7.3.0/../../../../avr/lib/avrxmega3/crtattiny3217.o
                0x0000000000000000                __vectors
                0x0000000000000000                __vector_default
 *(.vectors)
 *(.progmem.gcc*)
                0x000000000000007c                . = ALIGN (0x2)
                0x000000000000007c                __trampolines_start = .
 *(.trampolines)
 .trampolines   0x000000000000007c        0x0 linker stubs
 *(.trampolines*)
                0x000000000000007c                __trampolines_end = .
 *libprintf_flt.a:*(.progmem.data)
 *libc.a:*(.progmem.data)
 *(.progmem*)
                0x000000000000007c                . = ALIGN (0x2)
 *(.jumptables)
 *(.jumptables*)
 *(.lowtext)
 *(.lowtext*)
                0x000000000000007c                __ctors_start = .
 *(.ctors)
 .ctors         0x000000000000007c        0x2 /var/folders/1l/rytzh70141xgg88yzt_pm9940000gn/T//ccyfjUKe.ltrans0.ltrans.o
                0x000000000000007e                __ctors_end = .
                0x000000000000007e                __dtors_start = .
 *(.dtors)
 .dtors         0x000000000000007e        0x2 /var/folders/1l/rytzh70141xgg88yzt_pm9940000gn/T//ccyfjUKe.ltrans0.ltrans.o
                0x0000000000000080                __dtors_end = .
 SORT(*)(.ctors)
 SORT(*)(.dtors)
 *(.init0)
 .init0         0x0000000000000080        0x0 /Users/alex/.platformio/packages/toolchain-atmelavr/bin/../lib/gcc/avr/7.3.0/../../../../avr/lib/avrxmega3/crtattiny3217.o
                0x0000000000000080                __init
 *(.init0)
 *(.init1)
 *(.init1)
 *(.init2)
 .init2         0x0000000000000080        0xc /Users/alex/.platformio/packages/toolchain-atmelavr/bin/../lib/gcc/avr/7.3.0/../../../../avr/lib/avrxmega3/crtattiny3217.o
 *(.init2)
 *(.init3)
 .init3         0x000000000000008c       0x18 /var/folders/1l/rytzh70141xgg88yzt_pm9940000gn/T//ccyfjUKe.ltrans0.ltrans.o
                0x000000000000008c                _Z15_initThreeStuffv
 *(.init3)
 *(.init4)
 .init4         0x00000000000000a4       0x10 /Users/alex/.platformio/packages/toolchain-atmelavr/bin/../lib/gcc/avr/7.3.0/avrxmega3/libgcc.a(_clear_bss.o)
                0x00000000000000a4                __do_clear_bss
 .init4         0x00000000000000b4       0x16 /Users/alex/.platformio/packages/toolchain-atmelavr/bin/../lib/gcc/avr/7.3.0/avrxmega3/libgcc.a(_copy_data.o)
                0x00000000000000b4                __do_copy_data
 *(.init4)
 *(.init5)
 *(.init5)
 *(.init6)
 .init6         0x00000000000000ca       0x16 /Users/alex/.platformio/packages/toolchain-atmelavr/bin/../lib/gcc/avr/7.3.0/avrxmega3/libgcc.a(_ctors.o)
                0x00000000000000ca                __do_global_ctors
 *(.init6)
 *(.init7)
 *(.init7)
 *(.init8)
 *(.init8)
 *(.init9)
 .init9         0x00000000000000e0        0x8 /Users/alex/.platformio/packages/toolchain-atmelavr/bin/../lib/gcc/avr/7.3.0/../../../../avr/lib/avrxmega3/crtattiny3217.o
 *(.init9)
 *(.text)
 .text          0x00000000000000e8        0x4 /Users/alex/.platformio/packages/toolchain-atmelavr/bin/../lib/gcc/avr/7.3.0/../../../../avr/lib/avrxmega3/crtattiny3217.o
                0x00000000000000e8                __vector_20
                0x00000000000000e8                __vector_1
                0x00000000000000e8                __vector_12
                0x00000000000000e8                __bad_interrupt
                0x00000000000000e8                __vector_6
                0x00000000000000e8                __vector_23
                0x00000000000000e8                __vector_30
                0x00000000000000e8                __vector_25
                0x00000000000000e8                __vector_11
                0x00000000000000e8                __vector_13
                0x00000000000000e8                __vector_17
                0x00000000000000e8                __vector_19
                0x00000000000000e8                __vector_5
                0x00000000000000e8                __vector_4
                0x00000000000000e8                __vector_9
                0x00000000000000e8                __vector_2
                0x00000000000000e8                __vector_21
                0x00000000000000e8                __vector_8
                0x00000000000000e8                __vector_26
                0x00000000000000e8                __vector_14
                0x00000000000000e8                __vector_10
                0x00000000000000e8                __vector_16
                0x00000000000000e8                __vector_18
                0x00000000000000e8                __vector_22
 .text          0x00000000000000ec     0x19dc /var/folders/1l/rytzh70141xgg88yzt_pm9940000gn/T//ccyfjUKe.ltrans0.ltrans.o
                0x000000000000169e                __vector_15
                0x0000000000001712                __vector_28
                0x0000000000001720                __vector_27
                0x000000000000172e                __vector_29
                0x000000000000173a                _Z7_do_drev
                0x0000000000001798                _Z7_do_rxcv
                0x00000000000017f2                _Z7_do_txcv
                0x0000000000001824                __vector_24
                0x000000000000196c                __vector_7
                0x0000000000001a98                __vector_3
                0x0000000000001ac8                . = ALIGN (0x2)
 *(.text.*)
 .text.startup  0x0000000000001ac8      0xee4 /var/folders/1l/rytzh70141xgg88yzt_pm9940000gn/T//ccyfjUKe.ltrans0.ltrans.o
                0x0000000000001c66                main
 .text.exit     0x00000000000029ac       0x12 /var/folders/1l/rytzh70141xgg88yzt_pm9940000gn/T//ccyfjUKe.ltrans0.ltrans.o
 .text.libgcc.mul
                0x00000000000029be       0x16 /Users/alex/.platformio/packages/toolchain-atmelavr/bin/../lib/gcc/avr/7.3.0/avrxmega3/libgcc.a(_muluhisi3.o)
                0x00000000000029be                __muluhisi3
 .text.libgcc.mul
                0x00000000000029d4       0x1e /Users/alex/.platformio/packages/toolchain-atmelavr/bin/../lib/gcc/avr/7.3.0/avrxmega3/libgcc.a(_umulhisi3.o)
                0x00000000000029d4                __umulhisi3
 .text.libgcc.div
                0x00000000000029f2       0x28 /Users/alex/.platformio/packages/toolchain-atmelavr/bin/../lib/gcc/avr/7.3.0/avrxmega3/libgcc.a(_udivmodhi4.o)
                0x00000000000029f2                __udivmodhi4
 .text.libgcc.div
                0x0000000000002a1a       0x28 /Users/alex/.platformio/packages/toolchain-atmelavr/bin/../lib/gcc/avr/7.3.0/avrxmega3/libgcc.a(_divmodhi4.o)
                0x0000000000002a1a                __divmodhi4
                0x0000000000002a1a                _div
 .text.libgcc.div
                0x0000000000002a42       0x44 /Users/alex/.platformio/packages/toolchain-atmelavr/bin/../lib/gcc/avr/7.3.0/avrxmega3/libgcc.a(_udivmodsi4.o)
                0x0000000000002a42                __udivmodsi4
 .text.libgcc   0x0000000000002a86        0xc /Users/alex/.platformio/packages/toolchain-atmelavr/bin/../lib/gcc/avr/7.3.0/avrxmega3/libgcc.a(_tablejump2.o)
                0x0000000000002a86                __tablejump2__
 .text.avr-libc
                0x0000000000002a92      0x24a /Users/alex/.platformio/packages/toolchain-atmelavr/bin/../lib/gcc/avr/7.3.0/../../../../avr/lib/avrxmega3/libc.a(malloc.o)
                0x0000000000002a92                malloc
                0x0000000000002bca                free
                0x0000000000002cdc                . = ALIGN (0x2)
 *(.fini9)
 .fini9         0x0000000000002cdc        0x0 /Users/alex/.platformio/packages/toolchain-atmelavr/bin/../lib/gcc/avr/7.3.0/avrxmega3/libgcc.a(_exit.o)
                0x0000000000002cdc                exit
                0x0000000000002cdc                _exit
 *(.fini9)
 *(.fini8)
 *(.fini8)
 *(.fini7)
 *(.fini7)
 *(.fini6)
 .fini6         0x0000000000002cdc       0x16 /Users/alex/.platformio/packages/toolchain-atmelavr/bin/../lib/gcc/avr/7.3.0/avrxmega3/libgcc.a(_dtors.o)
                0x0000000000002cdc                __do_global_dtors
 *(.fini6)
 *(.fini5)
 *(.fini5)
 *(.fini4)
 *(.fini4)
 *(.fini3)
 *(.fini3)
 *(.fini2)
 *(.fini2)
 *(.fini1)
 *(.fini1)
 *(.fini0)
 .fini0         0x0000000000002cf2        0x4 /Users/alex/.platformio/packages/toolchain-atmelavr/bin/../lib/gcc/avr/7.3.0/avrxmega3/libgcc.a(_exit.o)
 *(.fini0)
                0x0000000000002cf6                _etext = .

.rodata         0x000000000000acf6      0x1cb load address 0x0000000000002cf6
 *(.rodata)
 .rodata        0x000000000000acf6      0x1cb /var/folders/1l/rytzh70141xgg88yzt_pm9940000gn/T//ccyfjUKe.ltrans0.ltrans.o
 *(.rodata*)
 *(.gnu.linkonce.r*)

.data           0x0000000000803800        0x8 load address 0x0000000000002ec1
                0x0000000000803800                PROVIDE (__data_start, .)
 *(.data)
 .data          0x0000000000803800        0x2 /var/folders/1l/rytzh70141xgg88yzt_pm9940000gn/T//ccyfjUKe.ltrans0.ltrans.o
 .data          0x0000000000803802        0x6 /Users/alex/.platformio/packages/toolchain-atmelavr/bin/../lib/gcc/avr/7.3.0/../../../../avr/lib/avrxmega3/libc.a(malloc.o)
                0x0000000000803802                __malloc_heap_end
                0x0000000000803804                __malloc_heap_start
                0x0000000000803806                __malloc_margin
 *(.data*)
 *(.gnu.linkonce.d*)
                0x0000000000803808                . = ALIGN (0x2)
                0x0000000000803808                _edata = .
                0x0000000000803808                PROVIDE (__data_end, .)

.bitmap_data    0x000000000000e000      0xa40 load address 0x0000000000006000
                0x000000000000e000                __bitmap_start = .
 *(.bitmap_data)
 .bitmap_data   0x000000000000e000      0xa33 /var/folders/1l/rytzh70141xgg88yzt_pm9940000gn/T//ccyfjUKe.ltrans0.ltrans.o
                0x000000000000ea40                . = ALIGN (0x40)
 *fill*         0x000000000000ea33        0xd 
                0x000000000000ea40                __bitmap_end = .

.bss            0x0000000000803808      0x228
                0x0000000000803808                PROVIDE (__bss_start, .)
 *(.bss)
 .bss           0x0000000000803808      0x224 /var/folders/1l/rytzh70141xgg88yzt_pm9940000gn/T//ccyfjUKe.ltrans0.ltrans.o
 *(.bss*)
 *(COMMON)
 COMMON         0x0000000000803a2c        0x4 /Users/alex/.platformio/packages/toolchain-atmelavr/bin/../lib/gcc/avr/7.3.0/../../../../avr/lib/avrxmega3/libc.a(malloc.o)
                0x0000000000803a2c                __brkval
                0x0000000000803a2e                __flp
                0x0000000000803a30                PROVIDE (__bss_end, .)
                0x0000000000002ec1                __data_load_start = LOADADDR (.data)
                0x0000000000002ec9                __data_load_end = (__data_load_start + SIZEOF (.data))

.noinit         0x0000000000803a30        0x0
                [!provide]                        PROVIDE (__noinit_start, .)
 *(.noinit*)
                [!provide]                        PROVIDE (__noinit_end, .)
                0x0000000000803a30                _end = .
                0x0000000000803a30                PROVIDE (__heap_start, .)

.eeprom         0x0000000000810000        0x0
 *(.eeprom*)
                0x0000000000810000                __eeprom_end = .

.fuse
 *(.fuse)
 *(.lfuse)
 *(.hfuse)
 *(.efuse)

.lock
 *(.lock*)

.signature
 *(.signature*)

.user_signatures
 *(.user_signatures*)

.stab
 *(.stab)

.stabstr
 *(.stabstr)

.stab.excl
 *(.stab.excl)

.stab.exclstr
 *(.stab.exclstr)

.stab.index
 *(.stab.index)

.stab.indexstr
 *(.stab.indexstr)

.comment        0x0000000000000000       0x11
 *(.comment)
 .comment       0x0000000000000000       0x11 /var/folders/1l/rytzh70141xgg88yzt_pm9940000gn/T//ccyfjUKe.ltrans0.ltrans.o
                                         0x12 (size before relaxing)
 .comment       0x0000000000000011       0x12 /Users/alex/.platformio/packages/toolchain-atmelavr/bin/../lib/gcc/avr/7.3.0/../../../../avr/lib/avrxmega3/libc.a(malloc.o)

.note.gnu.avr.deviceinfo
                0x0000000000000000       0x40
 .note.gnu.avr.deviceinfo
                0x0000000000000000       0x40 /Users/alex/.platformio/packages/toolchain-atmelavr/bin/../lib/gcc/avr/7.3.0/../../../../avr/lib/avrxmega3/crtattiny3217.o

.note.gnu.build-id
 *(.note.gnu.build-id)

.debug
 *(.debug)

.line
 *(.line)

.debug_srcinfo
 *(.debug_srcinfo)

.debug_sfnames
 *(.debug_sfnames)

.debug_aranges  0x0000000000000000      0x160
 *(.debug_aranges)
 .debug_aranges
                0x0000000000000000       0x20 /Users/alex/.platformio/packages/toolchain-atmelavr/bin/../lib/gcc/avr/7.3.0/avrxmega3/libgcc.a(_exit.o)
 .debug_aranges
                0x0000000000000020       0x20 /Users/alex/.platformio/packages/toolchain-atmelavr/bin/../lib/gcc/avr/7.3.0/avrxmega3/libgcc.a(_clear_bss.o)
 .debug_aranges
                0x0000000000000040       0x20 /Users/alex/.platformio/packages/toolchain-atmelavr/bin/../lib/gcc/avr/7.3.0/avrxmega3/libgcc.a(_muluhisi3.o)
 .debug_aranges
                0x0000000000000060       0x20 /Users/alex/.platformio/packages/toolchain-atmelavr/bin/../lib/gcc/avr/7.3.0/avrxmega3/libgcc.a(_umulhisi3.o)
 .debug_aranges
                0x0000000000000080       0x20 /Users/alex/.platformio/packages/toolchain-atmelavr/bin/../lib/gcc/avr/7.3.0/avrxmega3/libgcc.a(_udivmodhi4.o)
 .debug_aranges
                0x00000000000000a0       0x20 /Users/alex/.platformio/packages/toolchain-atmelavr/bin/../lib/gcc/avr/7.3.0/avrxmega3/libgcc.a(_divmodhi4.o)
 .debug_aranges
                0x00000000000000c0       0x20 /Users/alex/.platformio/packages/toolchain-atmelavr/bin/../lib/gcc/avr/7.3.0/avrxmega3/libgcc.a(_udivmodsi4.o)
 .debug_aranges
                0x00000000000000e0       0x20 /Users/alex/.platformio/packages/toolchain-atmelavr/bin/../lib/gcc/avr/7.3.0/avrxmega3/libgcc.a(_copy_data.o)
 .debug_aranges
                0x0000000000000100       0x20 /Users/alex/.platformio/packages/toolchain-atmelavr/bin/../lib/gcc/avr/7.3.0/avrxmega3/libgcc.a(_ctors.o)
 .debug_aranges
                0x0000000000000120       0x20 /Users/alex/.platformio/packages/toolchain-atmelavr/bin/../lib/gcc/avr/7.3.0/avrxmega3/libgcc.a(_dtors.o)
 .debug_aranges
                0x0000000000000140       0x20 /Users/alex/.platformio/packages/toolchain-atmelavr/bin/../lib/gcc/avr/7.3.0/avrxmega3/libgcc.a(_tablejump2.o)

.debug_pubnames
 *(.debug_pubnames)

.debug_info     0x0000000000000000     0x22f6
 *(.debug_info .gnu.linkonce.wi.*)
 .debug_info    0x0000000000000000     0x1c4d /Users/alex/.platformio/packages/toolchain-atmelavr/bin/../lib/gcc/avr/7.3.0/../../../../avr/lib/avrxmega3/crtattiny3217.o
 .debug_info    0x0000000000001c4d       0x9b /Users/alex/.platformio/packages/toolchain-atmelavr/bin/../lib/gcc/avr/7.3.0/avrxmega3/libgcc.a(_exit.o)
 .debug_info    0x0000000000001ce8       0x9b /Users/alex/.platformio/packages/toolchain-atmelavr/bin/../lib/gcc/avr/7.3.0/avrxmega3/libgcc.a(_clear_bss.o)
 .debug_info    0x0000000000001d83       0x9b /Users/alex/.platformio/packages/toolchain-atmelavr/bin/../lib/gcc/avr/7.3.0/avrxmega3/libgcc.a(_muluhisi3.o)
 .debug_info    0x0000000000001e1e       0x9b /Users/alex/.platformio/packages/toolchain-atmelavr/bin/../lib/gcc/avr/7.3.0/avrxmega3/libgcc.a(_umulhisi3.o)
 .debug_info    0x0000000000001eb9       0x9b /Users/alex/.platformio/packages/toolchain-atmelavr/bin/../lib/gcc/avr/7.3.0/avrxmega3/libgcc.a(_udivmodhi4.o)
 .debug_info    0x0000000000001f54       0x9b /Users/alex/.platformio/packages/toolchain-atmelavr/bin/../lib/gcc/avr/7.3.0/avrxmega3/libgcc.a(_divmodhi4.o)
 .debug_info    0x0000000000001fef       0x9b /Users/alex/.platformio/packages/toolchain-atmelavr/bin/../lib/gcc/avr/7.3.0/avrxmega3/libgcc.a(_udivmodsi4.o)
 .debug_info    0x000000000000208a       0x9b /Users/alex/.platformio/packages/toolchain-atmelavr/bin/../lib/gcc/avr/7.3.0/avrxmega3/libgcc.a(_copy_data.o)
 .debug_info    0x0000000000002125       0x9b /Users/alex/.platformio/packages/toolchain-atmelavr/bin/../lib/gcc/avr/7.3.0/avrxmega3/libgcc.a(_ctors.o)
 .debug_info    0x00000000000021c0       0x9b /Users/alex/.platformio/packages/toolchain-atmelavr/bin/../lib/gcc/avr/7.3.0/avrxmega3/libgcc.a(_dtors.o)
 .debug_info    0x000000000000225b       0x9b /Users/alex/.platformio/packages/toolchain-atmelavr/bin/../lib/gcc/avr/7.3.0/avrxmega3/libgcc.a(_tablejump2.o)

.debug_abbrev   0x0000000000000000     0x1ba4
 *(.debug_abbrev)
 .debug_abbrev  0x0000000000000000     0x1ac8 /Users/alex/.platformio/packages/toolchain-atmelavr/bin/../lib/gcc/avr/7.3.0/../../../../avr/lib/avrxmega3/crtattiny3217.o
 .debug_abbrev  0x0000000000001ac8       0x14 /Users/alex/.platformio/packages/toolchain-atmelavr/bin/../lib/gcc/avr/7.3.0/avrxmega3/libgcc.a(_exit.o)
 .debug_abbrev  0x0000000000001adc       0x14 /Users/alex/.platformio/packages/toolchain-atmelavr/bin/../lib/gcc/avr/7.3.0/avrxmega3/libgcc.a(_clear_bss.o)
 .debug_abbrev  0x0000000000001af0       0x14 /Users/alex/.platformio/packages/toolchain-atmelavr/bin/../lib/gcc/avr/7.3.0/avrxmega3/libgcc.a(_muluhisi3.o)
 .debug_abbrev  0x0000000000001b04       0x14 /Users/alex/.platformio/packages/toolchain-atmelavr/bin/../lib/gcc/avr/7.3.0/avrxmega3/libgcc.a(_umulhisi3.o)
 .debug_abbrev  0x0000000000001b18       0x14 /Users/alex/.platformio/packages/toolchain-atmelavr/bin/../lib/gcc/avr/7.3.0/avrxmega3/libgcc.a(_udivmodhi4.o)
 .debug_abbrev  0x0000000000001b2c       0x14 /Users/alex/.platformio/packages/toolchain-atmelavr/bin/../lib/gcc/avr/7.3.0/avrxmega3/libgcc.a(_divmodhi4.o)
 .debug_abbrev  0x0000000000001b40       0x14 /Users/alex/.platformio/packages/toolchain-atmelavr/bin/../lib/gcc/avr/7.3.0/avrxmega3/libgcc.a(_udivmodsi4.o)
 .debug_abbrev  0x0000000000001b54       0x14 /Users/alex/.platformio/packages/toolchain-atmelavr/bin/../lib/gcc/avr/7.3.0/avrxmega3/libgcc.a(_copy_data.o)
 .debug_abbrev  0x0000000000001b68       0x14 /Users/alex/.platformio/packages/toolchain-atmelavr/bin/../lib/gcc/avr/7.3.0/avrxmega3/libgcc.a(_ctors.o)
 .debug_abbrev  0x0000000000001b7c       0x14 /Users/alex/.platformio/packages/toolchain-atmelavr/bin/../lib/gcc/avr/7.3.0/avrxmega3/libgcc.a(_dtors.o)
 .debug_abbrev  0x0000000000001b90       0x14 /Users/alex/.platformio/packages/toolchain-atmelavr/bin/../lib/gcc/avr/7.3.0/avrxmega3/libgcc.a(_tablejump2.o)

.debug_line     0x0000000000000000      0x869
 *(.debug_line .debug_line.* .debug_line_end)
 .debug_line    0x0000000000000000      0x151 /Users/alex/.platformio/packages/toolchain-atmelavr/bin/../lib/gcc/avr/7.3.0/../../../../avr/lib/avrxmega3/crtattiny3217.o
 .debug_line    0x0000000000000151       0x62 /Users/alex/.platformio/packages/toolchain-atmelavr/bin/../lib/gcc/avr/7.3.0/avrxmega3/libgcc.a(_exit.o)
 .debug_line    0x00000000000001b3       0x86 /Users/alex/.platformio/packages/toolchain-atmelavr/bin/../lib/gcc/avr/7.3.0/avrxmega3/libgcc.a(_clear_bss.o)
 .debug_line    0x0000000000000239       0x92 /Users/alex/.platformio/packages/toolchain-atmelavr/bin/../lib/gcc/avr/7.3.0/avrxmega3/libgcc.a(_muluhisi3.o)
 .debug_line    0x00000000000002cb       0xb0 /Users/alex/.platformio/packages/toolchain-atmelavr/bin/../lib/gcc/avr/7.3.0/avrxmega3/libgcc.a(_umulhisi3.o)
 .debug_line    0x000000000000037b       0xce /Users/alex/.platformio/packages/toolchain-atmelavr/bin/../lib/gcc/avr/7.3.0/avrxmega3/libgcc.a(_udivmodhi4.o)
 .debug_line    0x0000000000000449       0xc8 /Users/alex/.platformio/packages/toolchain-atmelavr/bin/../lib/gcc/avr/7.3.0/avrxmega3/libgcc.a(_divmodhi4.o)
 .debug_line    0x0000000000000511      0x122 /Users/alex/.platformio/packages/toolchain-atmelavr/bin/../lib/gcc/avr/7.3.0/avrxmega3/libgcc.a(_udivmodsi4.o)
 .debug_line    0x0000000000000633       0x98 /Users/alex/.platformio/packages/toolchain-atmelavr/bin/../lib/gcc/avr/7.3.0/avrxmega3/libgcc.a(_copy_data.o)
 .debug_line    0x00000000000006cb       0x92 /Users/alex/.platformio/packages/toolchain-atmelavr/bin/../lib/gcc/avr/7.3.0/avrxmega3/libgcc.a(_ctors.o)
 .debug_line    0x000000000000075d       0x92 /Users/alex/.platformio/packages/toolchain-atmelavr/bin/../lib/gcc/avr/7.3.0/avrxmega3/libgcc.a(_dtors.o)
 .debug_line    0x00000000000007ef       0x7a /Users/alex/.platformio/packages/toolchain-atmelavr/bin/../lib/gcc/avr/7.3.0/avrxmega3/libgcc.a(_tablejump2.o)

.debug_frame
 *(.debug_frame)

.debug_str      0x0000000000000000      0xc0f
 *(.debug_str)
 .debug_str     0x0000000000000000      0xc0f /Users/alex/.platformio/packages/toolchain-atmelavr/bin/../lib/gcc/avr/7.3.0/../../../../avr/lib/avrxmega3/crtattiny3217.o

.debug_loc
 *(.debug_loc)

.debug_macinfo
 *(.debug_macinfo)

.debug_weaknames
 *(.debug_weaknames)

.debug_funcnames
 *(.debug_funcnames)

.debug_typenames
 *(.debug_typenames)

.debug_varnames
 *(.debug_varnames)

.debug_pubtypes
 *(.debug_pubtypes)

.debug_ranges
 *(.debug_ranges)

.debug_macro
 *(.debug_macro)
OUTPUT(.pio/build/Attiny3217_pymcuprog_updi/firmware.elf elf32-avr)
LOAD linker stubs
